<html>
<body>
    <a href="/.links-something.task">Link from root</a>
</body>
</html>